---------------------------- PROCESS STARTED (9242) for package com.cabinet.cabinetmedical ----------------------------
2026-02-01 09:06:40.915  9242-9242  ziparchive              com.cabinet.cabinetmedical           W  Unable to open '/data/data/com.cabinet.cabinetmedical/code_cache/.overlay/base.apk/classes3.dm': No such file or directory
2026-02-01 09:06:40.917  9242-9242  ziparchive              com.cabinet.cabinetmedical           W  Unable to open '/data/data/com.cabinet.cabinetmedical/code_cache/.overlay/base.apk/classes8.dm': No such file or directory
2026-02-01 09:06:40.925  9242-9242  ziparchive              com.cabinet.cabinetmedical           W  Unable to open '/data/app/~~9sURw1FgH_u0O-eXhdci5Q==/com.cabinet.cabinetmedical-dyays-LS6705_kOWvK3H5Q==/base.dm': No such file or directory
2026-02-01 09:06:40.925  9242-9242  ziparchive              com.cabinet.cabinetmedical           W  Unable to open '/data/app/~~9sURw1FgH_u0O-eXhdci5Q==/com.cabinet.cabinetmedical-dyays-LS6705_kOWvK3H5Q==/base.dm': No such file or directory
2026-02-01 09:06:40.796  9242-9242  re-initialized>         com.cabinet.cabinetmedical           W  type=1400 audit(0.0:764): avc:  granted  { execute } for  path="/data/data/com.cabinet.cabinetmedical/code_cache/startup_agents/65318d08-agent.so" dev="dm-40" ino=344411 scontext=u:r:untrusted_app:s0:c191,c256,c512,c768 tcontext=u:object_r:app_data_file:s0:c191,c256,c512,c768 tclass=file app=com.cabinet.cabinetmedical
2026-02-01 09:06:41.191  9242-9242  nativeloader            com.cabinet.cabinetmedical           D  Configuring clns-6 for other apk /data/app/~~9sURw1FgH_u0O-eXhdci5Q==/com.cabinet.cabinetmedical-dyays-LS6705_kOWvK3H5Q==/base.apk. target_sdk_version=35, uses_libraries=, library_path=/data/app/~~9sURw1FgH_u0O-eXhdci5Q==/com.cabinet.cabinetmedical-dyays-LS6705_kOWvK3H5Q==/lib/x86_64, permitted_path=/data:/mnt/expand:/data/user/0/com.cabinet.cabinetmedical
2026-02-01 09:06:41.373  9242-9242  GraphicsEnvironment     com.cabinet.cabinetmedical           V  Currently set values for:
2026-02-01 09:06:41.374  9242-9242  GraphicsEnvironment     com.cabinet.cabinetmedical           V    angle_gl_driver_selection_pkgs=[]
2026-02-01 09:06:41.379  9242-9242  GraphicsEnvironment     com.cabinet.cabinetmedical           V    angle_gl_driver_selection_values=[]
2026-02-01 09:06:41.380  9242-9242  GraphicsEnvironment     com.cabinet.cabinetmedical           V  ANGLE GameManagerService for com.cabinet.cabinetmedical: false
2026-02-01 09:06:41.381  9242-9242  GraphicsEnvironment     com.cabinet.cabinetmedical           V  com.cabinet.cabinetmedical is not listed in per-application setting
2026-02-01 09:06:41.383  9242-9242  GraphicsEnvironment     com.cabinet.cabinetmedical           V  Neither updatable production driver nor prerelease driver is supported.
2026-02-01 09:06:41.542  9242-9262  libEGL                  com.cabinet.cabinetmedical           D  loaded /vendor/lib64/egl/libEGL_emulation.so
2026-02-01 09:06:41.555  9242-9262  libEGL                  com.cabinet.cabinetmedical           D  loaded /vendor/lib64/egl/libGLESv1_CM_emulation.so
2026-02-01 09:06:41.570  9242-9262  libEGL                  com.cabinet.cabinetmedical           D  loaded /vendor/lib64/egl/libGLESv2_emulation.so
2026-02-01 09:06:42.148  9242-9242  .cabinetmedical         com.cabinet.cabinetmedical           W  Verification of android.content.res.ColorStateList androidx.appcompat.widget.AppCompatDrawableManager$1.createButtonColorStateList(android.content.Context, int) took 242.520ms (263.90 bytecodes/s) (2264B approximate peak alloc)
2026-02-01 09:06:42.156  9242-9242  AppCompatDelegate       com.cabinet.cabinetmedical           D  Checking for metadata for AppLocalesMetadataHolderService : Service not found
2026-02-01 09:06:43.291  9242-9242  .cabinetmedical         com.cabinet.cabinetmedical           W  Accessing hidden method Landroid/view/ViewGroup;->makeOptionalFitsSystemWindows()V (unsupported, reflection, allowed)
2026-02-01 09:06:43.425  9242-9242  Compatibil...geReporter com.cabinet.cabinetmedical           D  Compat change id reported: 210923482; UID 10191; state: ENABLED
2026-02-01 09:06:43.623  9242-9242  Compatibil...geReporter com.cabinet.cabinetmedical           D  Compat change id reported: 237531167; UID 10191; state: DISABLED
2026-02-01 09:06:43.630  9242-9242  OpenGLRenderer          com.cabinet.cabinetmedical           W  Unknown dataspace 0
2026-02-01 09:06:43.655  9242-9242  Choreographer           com.cabinet.cabinetmedical           I  Skipped 128 frames!  The application may be doing too much work on its main thread.
2026-02-01 09:06:43.897  9242-9260  OpenGLRenderer          com.cabinet.cabinetmedical           W  Failed to choose config with EGL_SWAP_BEHAVIOR_PRESERVED, retrying without...
2026-02-01 09:06:43.898  9242-9260  OpenGLRenderer          com.cabinet.cabinetmedical           W  Failed to initialize 101010-2 format, error = EGL_SUCCESS
2026-02-01 09:06:44.688  9242-9260  Gralloc4                com.cabinet.cabinetmedical           I  mapper 4.x is not supported
2026-02-01 09:06:44.863  9242-9260  OpenGLRenderer          com.cabinet.cabinetmedical           E  Unable to match the desired swap behavior.
2026-02-01 09:06:44.885  9242-9264  SurfaceSyncGroup        com.cabinet.cabinetmedical           E  Failed to receive transaction ready in 1000ms. Marking SurfaceSyncGroup(wmsSync-VRI[SplashActivity]#0) as ready
2026-02-01 09:06:44.886  9242-9264  SurfaceSyncGroup        com.cabinet.cabinetmedical           E  Failed to receive transaction ready in 1000ms. Marking SurfaceSyncGroup(VRI[SplashActivity]#1) as ready
2026-02-01 09:06:46.411  9242-9242  Choreographer           com.cabinet.cabinetmedical           I  Skipped 151 frames!  The application may be doing too much work on its main thread.
2026-02-01 09:06:46.448  9242-9242  SplashActivity          com.cabinet.cabinetmedical           D  Token JWT trouvé → Validation avec backend...
2026-02-01 09:06:46.533  9242-9256  OpenGLRenderer          com.cabinet.cabinetmedical           I  Davey! duration=4852ms; Flags=1, FrameTimelineVsyncId=2105881, IntendedVsync=5139743673198, Vsync=5141877006446, InputEventId=0, HandleInputStart=5141879050100, AnimationStart=5141879642400, PerformTraversalsStart=5141882140100, DrawStart=5143090173700, FrameDeadline=5139760339864, FrameInterval=5141877356100, FrameStartTime=16666666, SyncQueued=5143096955800, SyncStart=5143130757300, IssueDrawCommandsStart=5143238910800, SwapBuffers=5144602287400, FrameCompleted=5144630244600, DequeueBufferDuration=57400, QueueBufferDuration=2328000, GpuCompleted=5144630244600, SwapBuffersCompleted=5144610058600, DisplayPresentTime=0, CommandSubmissionCompleted=5144602287400,
2026-02-01 09:06:46.698  9242-9257  OpenGLRenderer          com.cabinet.cabinetmedical           I  Davey! duration=2683ms; Flags=0, FrameTimelineVsyncId=2106648, IntendedVsync=5142110339770, Vsync=5144627006336, InputEventId=0, HandleInputStart=5144635014400, AnimationStart=5144635354800, PerformTraversalsStart=5144635760900, DrawStart=5144639048600, FrameDeadline=5144660339668, FrameInterval=5144633264700, FrameStartTime=16666664, SyncQueued=5144639438300, SyncStart=5144643319000, IssueDrawCommandsStart=5144655270100, SwapBuffers=5144753781300, FrameCompleted=5144797989000, DequeueBufferDuration=46900, QueueBufferDuration=7470900, GpuCompleted=5144795214700, SwapBuffersCompleted=5144797989000, DisplayPresentTime=0, CommandSubmissionCompleted=5144753781300,
2026-02-01 09:06:47.116  9242-9242  .cabinetmedical         com.cabinet.cabinetmedical           W  Accessing hidden method Ljava/lang/invoke/MethodHandles$Lookup;-><init>(Ljava/lang/Class;I)V (unsupported, reflection, allowed)
2026-02-01 09:06:47.537  9242-9275  okhttp.OkHttpClient     com.cabinet.cabinetmedical           I  --> GET <http://172.25.135.62:8080/api/auth/validate>
2026-02-01 09:06:47.539  9242-9275  okhttp.OkHttpClient     com.cabinet.cabinetmedical           I  Authorization: Bearer eyJhbGciOiJIUzI1NiJ9.eyJyb2xlIjoiUEFUSUVOVCIsInN1YiI6InBhdGllbnRAZW1haWwuY29tIiwiaWF0IjoxNzY5OTMyNTMyLCJleHAiOjE3Njk5MzYxMzJ9.JRYqgdblaPw7fPvGei0uJi7PL8a3QjXpmgTAE-sVeSM
2026-02-01 09:06:47.539  9242-9275  okhttp.OkHttpClient     com.cabinet.cabinetmedical           I  --> END GET
2026-02-01 09:06:47.594  9242-9275  TrafficStats            com.cabinet.cabinetmedical           D  tagSocket(114) with statsTag=0xffffffff, statsUid=-1
2026-02-01 09:06:47.667  9242-9260  EGL_emulation           com.cabinet.cabinetmedical           D  app_time_stats: avg=145.52ms min=27.96ms max=201.94ms count=8
2026-02-01 09:06:48.357  9242-9275  okhttp.OkHttpClient     com.cabinet.cabinetmedical           I  <-- 200 <http://172.25.135.62:8080/api/auth/validate> (817ms)
2026-02-01 09:06:48.482  9242-9275  okhttp.OkHttpClient     com.cabinet.cabinetmedical           I  X-Content-Type-Options: nosniff
2026-02-01 09:06:48.492  9242-9275  okhttp.OkHttpClient     com.cabinet.cabinetmedical           I  X-XSS-Protection: 0
2026-02-01 09:06:48.523  9242-9275  okhttp.OkHttpClient     com.cabinet.cabinetmedical           I  Cache-Control: no-cache, no-store, max-age=0, must-revalidate
2026-02-01 09:06:48.524  9242-9275  okhttp.OkHttpClient     com.cabinet.cabinetmedical           I  Pragma: no-cache
2026-02-01 09:06:48.524  9242-9275  okhttp.OkHttpClient     com.cabinet.cabinetmedical           I  Expires: 0
2026-02-01 09:06:48.555  9242-9275  okhttp.OkHttpClient     com.cabinet.cabinetmedical           I  X-Frame-Options: DENY
2026-02-01 09:06:48.557  9242-9275  okhttp.OkHttpClient     com.cabinet.cabinetmedical           I  Content-Type: application/json
2026-02-01 09:06:48.572  9242-9275  okhttp.OkHttpClient     com.cabinet.cabinetmedical           I  Transfer-Encoding: chunked
2026-02-01 09:06:48.605  9242-9275  okhttp.OkHttpClient     com.cabinet.cabinetmedical           I  Date: Sun, 01 Feb 2026 08:06:48 GMT
2026-02-01 09:06:48.623  9242-9275  okhttp.OkHttpClient     com.cabinet.cabinetmedical           I  Keep-Alive: timeout=60
2026-02-01 09:06:48.623  9242-9275  okhttp.OkHttpClient     com.cabinet.cabinetmedical           I  Connection: keep-alive
2026-02-01 09:06:48.652  9242-9275  okhttp.OkHttpClient     com.cabinet.cabinetmedical           I  {"valid":true,"message":"Token valide"}
2026-02-01 09:06:48.653  9242-9275  okhttp.OkHttpClient     com.cabinet.cabinetmedical           I  <-- END HTTP (39-byte body)
2026-02-01 09:06:48.768  9242-9242  SplashActivity          com.cabinet.cabinetmedical           D  Token valide (200 OK) → MainActivity
2026-02-01 09:06:48.930  9242-9260  EGL_emulation           com.cabinet.cabinetmedical           D  app_time_stats: avg=153.56ms min=38.32ms max=263.65ms count=6
2026-02-01 09:06:50.231  9242-9260  OpenGLRenderer          com.cabinet.cabinetmedical           E  Unable to match the desired swap behavior.
2026-02-01 09:06:50.442  9242-9260  EGL_emulation           com.cabinet.cabinetmedical           D  app_time_stats: avg=272.11ms min=154.77ms max=650.61ms count=5
2026-02-01 09:06:50.645  9242-9264  SurfaceSyncGroup        com.cabinet.cabinetmedical           E  Failed to receive transaction ready in 1000ms. Marking SurfaceSyncGroup(wmsSync-VRI[HomePatientActivity]#2) as ready
2026-02-01 09:06:50.646  9242-9264  SurfaceSyncGroup        com.cabinet.cabinetmedical           E  Failed to receive transaction ready in 1000ms. Marking SurfaceSyncGroup(VRI[HomePatientActivity]#3) as ready
2026-02-01 09:06:51.229  9242-9242  Choreographer           com.cabinet.cabinetmedical           I  Skipped 105 frames!  The application may be doing too much work on its main thread.
2026-02-01 09:06:51.573  9242-9256  OpenGLRenderer          com.cabinet.cabinetmedical           I  Davey! duration=1826ms; Flags=1, FrameTimelineVsyncId=2108563, IntendedVsync=5147460339556, Vsync=5147677006214, InputEventId=0, HandleInputStart=5147683906200, AnimationStart=5147683958900, PerformTraversalsStart=5147684028600, DrawStart=5148455352800, FrameDeadline=5147477006222, FrameInterval=5147682521900, FrameStartTime=16666666, SyncQueued=5148508168900, SyncStart=5148816924100, IssueDrawCommandsStart=5148817180100, SwapBuffers=5149223481400, FrameCompleted=5149595228500, DequeueBufferDuration=53400, QueueBufferDuration=454700, GpuCompleted=5149595228500, SwapBuffersCompleted=5149441902800, DisplayPresentTime=0, CommandSubmissionCompleted=5149223481400,
2026-02-01 09:06:51.573  9242-9260  EGL_emulation           com.cabinet.cabinetmedical           D  app_time_stats: avg=1130.69ms min=1130.69ms max=1130.69ms count=1
2026-02-01 09:06:51.671  9242-9280  ProfileInstaller        com.cabinet.cabinetmedical           D  Installing profile for com.cabinet.cabinetmedical
2026-02-01 09:06:51.821  9242-9280  .cabinetmedical         com.cabinet.cabinetmedical           W  Verification of void androidx.concurrent.futures.AbstractResolvableFuture.<clinit>() took 139.723ms (794.42 bytecodes/s) (3416B approximate peak alloc)
2026-02-01 09:06:52.312  9242-9242  Choreographer           com.cabinet.cabinetmedical           I  Skipped 38 frames!  The application may be doing too much work on its main thread.
2026-02-01 09:06:52.476  9242-9256  OpenGLRenderer          com.cabinet.cabinetmedical           I  Davey! duration=2340ms; Flags=0, FrameTimelineVsyncId=2108679, IntendedVsync=5147693672880, Vsync=5149443672810, InputEventId=0, HandleInputStart=5149478178300, AnimationStart=5149478263600, PerformTraversalsStart=5149479612800, DrawStart=5149481554600, FrameDeadline=5149627006136, FrameInterval=5149451236400, FrameStartTime=16666666, SyncQueued=5149484139600, SyncStart=5149871341800, IssueDrawCommandsStart=5149884027900, SwapBuffers=5149906216800, FrameCompleted=5150421630700, DequeueBufferDuration=84300, QueueBufferDuration=15453800, GpuCompleted=5150421630700, SwapBuffersCompleted=5150105917000, DisplayPresentTime=0, CommandSubmissionCompleted=5149906216800,
2026-02-01 09:06:52.802  9242-9260  EGL_emulation           com.cabinet.cabinetmedical           D  app_time_stats: avg=384.96ms min=182.35ms max=623.60ms count=3
2026-02-01 09:06:53.908  9242-9260  EGL_emulation           com.cabinet.cabinetmedical           D  app_time_stats: avg=189.31ms min=167.56ms max=205.97ms count=5
2026-02-01 09:06:54.231  9242-9260  EGL_emulation           com.cabinet.cabinetmedical           D  app_time_stats: avg=980.19ms min=522.43ms max=1754.38ms count=3
2026-02-01 09:06:54.507  9242-9242  WindowOnBackDispatcher  com.cabinet.cabinetmedical           W  sendCancelIfRunning: isInProgress=falsecallback=android.view.ViewRootImpl$$ExternalSyntheticLambda17@bc0b6a6
2026-02-01 09:07:03.320  9242-9260  EGL_emulation           com.cabinet.cabinetmedical           D  app_time_stats: avg=3027.27ms min=210.12ms max=8615.67ms count=3
2026-02-01 09:07:04.201  9242-9275  okhttp.OkHttpClient     com.cabinet.cabinetmedical           I  --> GET http://172.25.135.62:8080/api/appointments/patient/7
2026-02-01 09:07:04.202  9242-9275  okhttp.OkHttpClient     com.cabinet.cabinetmedical           I  Authorization: Bearer eyJhbGciOiJIUzI1NiJ9.eyJyb2xlIjoiUEFUSUVOVCIsInN1YiI6InBhdGllbnRAZW1haWwuY29tIiwiaWF0IjoxNzY5OTMyNTMyLCJleHAiOjE3Njk5MzYxMzJ9.JRYqgdblaPw7fPvGei0uJi7PL8a3QjXpmgTAE-sVeSM
2026-02-01 09:07:04.203  9242-9275  okhttp.OkHttpClient     com.cabinet.cabinetmedical           I  --> END GET
2026-02-01 09:07:04.364  9242-9260  EGL_emulation           com.cabinet.cabinetmedical           D  app_time_stats: avg=130.27ms min=11.88ms max=202.46ms count=6
2026-02-01 09:07:04.581  9242-9275  okhttp.OkHttpClient     com.cabinet.cabinetmedical           I  <-- 200 http://172.25.135.62:8080/api/appointments/patient/7 (377ms)
2026-02-01 09:07:04.586  9242-9275  okhttp.OkHttpClient     com.cabinet.cabinetmedical           I  X-Content-Type-Options: nosniff
2026-02-01 09:07:04.588  9242-9275  okhttp.OkHttpClient     com.cabinet.cabinetmedical           I  X-XSS-Protection: 0
2026-02-01 09:07:04.601  9242-9275  okhttp.OkHttpClient     com.cabinet.cabinetmedical           I  Cache-Control: no-cache, no-store, max-age=0, must-revalidate
2026-02-01 09:07:04.617  9242-9275  okhttp.OkHttpClient     com.cabinet.cabinetmedical           I  Pragma: no-cache
2026-02-01 09:07:04.620  9242-9275  okhttp.OkHttpClient     com.cabinet.cabinetmedical           I  Expires: 0
2026-02-01 09:07:04.620  9242-9275  okhttp.OkHttpClient     com.cabinet.cabinetmedical           I  X-Frame-Options: DENY
2026-02-01 09:07:04.621  9242-9275  okhttp.OkHttpClient     com.cabinet.cabinetmedical           I  Content-Type: application/json
2026-02-01 09:07:04.621  9242-9275  okhttp.OkHttpClient     com.cabinet.cabinetmedical           I  Transfer-Encoding: chunked
2026-02-01 09:07:04.621  9242-9275  okhttp.OkHttpClient     com.cabinet.cabinetmedical           I  Date: Sun, 01 Feb 2026 08:07:04 GMT
2026-02-01 09:07:04.633  9242-9275  okhttp.OkHttpClient     com.cabinet.cabinetmedical           I  Keep-Alive: timeout=60
2026-02-01 09:07:04.644  9242-9275  okhttp.OkHttpClient     com.cabinet.cabinetmedical           I  Connection: keep-alive
2026-02-01 09:07:04.645  9242-9242  Choreographer           com.cabinet.cabinetmedical           I  Skipped 52 frames!  The application may be doing too much work on its main thread.
2026-02-01 09:07:04.668  9242-9275  okhttp.OkHttpClient     com.cabinet.cabinetmedical           I  []
2026-02-01 09:07:04.669  9242-9275  okhttp.OkHttpClient     com.cabinet.cabinetmedical           I  <-- END HTTP (2-byte body)
2026-02-01 09:07:05.105  9242-9283  OpenGLRenderer          com.cabinet.cabinetmedical           I  Davey! duration=1098ms; Flags=0, FrameTimelineVsyncId=2114367, IntendedVsync=5161993672308, Vsync=5162860338940, InputEventId=0, HandleInputStart=5162867943100, AnimationStart=5162868019600, PerformTraversalsStart=5162868709900, DrawStart=5162869122900, FrameDeadline=5163060338932, FrameInterval=5162865009400, FrameStartTime=16666666, SyncQueued=5162870443400, SyncStart=5162973979400, IssueDrawCommandsStart=5162974107100, SwapBuffers=5163075841000, FrameCompleted=5163195375300, DequeueBufferDuration=652400, QueueBufferDuration=776900, GpuCompleted=5163195375300, SwapBuffersCompleted=5163150913400, DisplayPresentTime=0, CommandSubmissionCompleted=5163075841000,
2026-02-01 09:07:05.891  9242-9260  OpenGLRenderer          com.cabinet.cabinetmedical           E  Unable to match the desired swap behavior.
2026-02-01 09:07:05.939  9242-9264  SurfaceSyncGroup        com.cabinet.cabinetmedical           E  Failed to receive transaction ready in 1000ms. Marking SurfaceSyncGroup(wmsSync-VRI[MyAppointmentsActivity]#4) as ready
2026-02-01 09:07:05.941  9242-9264  SurfaceSyncGroup        com.cabinet.cabinetmedical           E  Failed to receive transaction ready in 1000ms. Marking SurfaceSyncGroup(VRI[MyAppointmentsActivity]#5) as ready
2026-02-01 09:07:06.354  9242-9260  EGL_emulation           com.cabinet.cabinetmedical           D  app_time_stats: avg=347.06ms min=89.52ms max=1244.64ms count=5
2026-02-01 09:07:06.894  9242-9283  OpenGLRenderer          com.cabinet.cabinetmedical           I  Davey! duration=850ms; Flags=2, FrameTimelineVsyncId=2114852, IntendedVsync=5164110338890, Vsync=5164110338890, InputEventId=0, HandleInputStart=5164110338890, AnimationStart=5164110338890, PerformTraversalsStart=5164110338890, DrawStart=5164110338890, FrameDeadline=5163177005594, FrameInterval=5164110338890, FrameStartTime=16666666, SyncQueued=5164125891700, SyncStart=5164125913000, IssueDrawCommandsStart=5164125975500, SwapBuffers=5164358974700, FrameCompleted=5164961046300, DequeueBufferDuration=49000, QueueBufferDuration=1497200, GpuCompleted=5164961046300, SwapBuffersCompleted=5164578186200, DisplayPresentTime=0, CommandSubmissionCompleted=5164358974700,
2026-02-01 09:07:07.097  9242-9242  Choreographer           com.cabinet.cabinetmedical           I  Skipped 146 frames!  The application may be doing too much work on its main thread.
2026-02-01 09:07:07.221  9242-9283  OpenGLRenderer          com.cabinet.cabinetmedical           I  Davey! duration=2468ms; Flags=1, FrameTimelineVsyncId=2114367, IntendedVsync=5161993672308, Vsync=5162860338940, InputEventId=0, HandleInputStart=5162867943100, AnimationStart=5162868019600, PerformTraversalsStart=5162868709900, DrawStart=5164118040300, FrameDeadline=5162010338974, FrameInterval=5162865009400, FrameStartTime=16666666, SyncQueued=5164125765100, SyncStart=5164912015600, IssueDrawCommandsStart=5164914537900, SwapBuffers=5164919729800, FrameCompleted=5165248262200, DequeueBufferDuration=136700, QueueBufferDuration=5829600, GpuCompleted=5165248262200, SwapBuffersCompleted=5165008803800, DisplayPresentTime=4294967295, CommandSubmissionCompleted=5164919729800,
2026-02-01 09:07:07.655  9242-9283  OpenGLRenderer          com.cabinet.cabinetmedical           I  Davey! duration=2656ms; Flags=0, FrameTimelineVsyncId=2114749, IntendedVsync=5162877005606, Vsync=5165310338842, InputEventId=0, HandleInputStart=5165328093900, AnimationStart=5165328181000, PerformTraversalsStart=5165328376600, DrawStart=5165328911700, FrameDeadline=5165477005502, FrameInterval=5165319142800, FrameStartTime=16666666, SyncQueued=5165329060600, SyncStart=5165507036400, IssueDrawCommandsStart=5165532125600, SwapBuffers=5165542583800, FrameCompleted=5165711769700, DequeueBufferDuration=94500700, QueueBufferDuration=495100, GpuCompleted=5165711769700, SwapBuffersCompleted=5165666434000, DisplayPresentTime=-1, CommandSubmissionCompleted=5165542583800,
2026-02-01 09:07:07.662  9242-9260  EGL_emulation           com.cabinet.cabinetmedical           D  app_time_stats: avg=653.57ms min=578.48ms max=728.66ms count=2
2026-02-01 09:07:08.078  9242-9257  OpenGLRenderer          com.cabinet.cabinetmedical           I  Davey! duration=2919ms; Flags=0, FrameTimelineVsyncId=2114749, IntendedVsync=5162877005606, Vsync=5165310338842, InputEventId=0, HandleInputStart=5165328093900, AnimationStart=5165328181000, PerformTraversalsStart=5165328376600, DrawStart=5165507829700, FrameDeadline=5165477005502, FrameInterval=5165319142800, FrameStartTime=16666666, SyncQueued=5165531940100, SyncStart=5165783246900, IssueDrawCommandsStart=5165787786600, SwapBuffers=5165793614400, FrameCompleted=5166048142000, DequeueBufferDuration=131000, QueueBufferDuration=1809400, GpuCompleted=5166048142000, SwapBuffersCompleted=5165885596400, DisplayPresentTime=0, CommandSubmissionCompleted=5165793614400,
2026-02-01 09:07:08.241  9242-9242  Choreographer           com.cabinet.cabinetmedical           I  Skipped 36 frames!  The application may be doing too much work on its main thread.
2026-02-01 09:07:08.356  9242-9257  OpenGLRenderer          com.cabinet.cabinetmedical           I  Davey! duration=778ms; Flags=0, FrameTimelineVsyncId=2115383, IntendedVsync=5165527005500, Vsync=5165777005490, InputEventId=0, HandleInputStart=5165842847300, AnimationStart=5165843499100, PerformTraversalsStart=5165846319200, DrawStart=5165847906800, FrameDeadline=5166077005478, FrameInterval=5165792034000, FrameStartTime=16666666, SyncQueued=5165850461400, SyncStart=5165891740900, IssueDrawCommandsStart=5165899994100, SwapBuffers=5165978903100, FrameCompleted=5166346504700, DequeueBufferDuration=254251400, QueueBufferDuration=1570000, GpuCompleted=5166346504700, SwapBuffersCompleted=5166302657600, DisplayPresentTime=0, CommandSubmissionCompleted=5165978903100,
2026-02-01 09:07:08.397  9242-9260  EGL_emulation           com.cabinet.cabinetmedical           D  app_time_stats: avg=505.08ms min=242.35ms max=953.38ms count=3
2026-02-01 09:07:08.686  9242-9260  EGL_emulation           com.cabinet.cabinetmedical           D  app_time_stats: avg=384.52ms min=162.77ms max=606.28ms count=2
2026-02-01 09:07:08.841  9242-9257  OpenGLRenderer          com.cabinet.cabinetmedical           I  Davey! duration=819ms; Flags=0, FrameTimelineVsyncId=2115383, IntendedVsync=5165527005500, Vsync=5165777005490, InputEventId=0, HandleInputStart=5165842847300, AnimationStart=5165843499100, PerformTraversalsStart=5165846319200, DrawStart=5165896038400, FrameDeadline=5165743672158, FrameInterval=5165792034000, FrameStartTime=16666666, SyncQueued=5165899915900, SyncStart=5166459889100, IssueDrawCommandsStart=5166464039100, SwapBuffers=5166548359800, FrameCompleted=5166906586000, DequeueBufferDuration=139600, QueueBufferDuration=3105300, GpuCompleted=5166906586000, SwapBuffersCompleted=5166620372600, DisplayPresentTime=-1, CommandSubmissionCompleted=5166548359800,
2026-02-01 09:07:09.109  9242-9257  OpenGLRenderer          com.cabinet.cabinetmedical           I  Davey! duration=996ms; Flags=0, FrameTimelineVsyncId=2115423, IntendedVsync=5165860338820, Vsync=5166460338796, InputEventId=0, HandleInputStart=5166470886300, AnimationStart=5166470942000, PerformTraversalsStart=5166471611700, DrawStart=5166471859000, FrameDeadline=5166377005466, FrameInterval=5166463503200, FrameStartTime=16666666, SyncQueued=5166474427000, SyncStart=5166717416900, IssueDrawCommandsStart=5166718918100, SwapBuffers=5166726595200, FrameCompleted=5167099480500, DequeueBufferDuration=102500, QueueBufferDuration=949200, GpuCompleted=5167099480500, SwapBuffersCompleted=5166909307200, DisplayPresentTime=0, CommandSubmissionCompleted=5166726595200,
2026-02-01 09:07:13.516  9242-9260  OpenGLRenderer          com.cabinet.cabinetmedical           E  Unable to match the desired swap behavior.
2026-02-01 09:07:14.125  9242-9242  Choreographer           com.cabinet.cabinetmedical           I  Skipped 58 frames!  The application may be doing too much work on its main thread.
2026-02-01 09:07:14.572  9242-9281  OpenGLRenderer          com.cabinet.cabinetmedical           I  Davey! duration=863ms; Flags=1, FrameTimelineVsyncId=2117510, IntendedVsync=5171343671934, Vsync=5171343671934, InputEventId=0, HandleInputStart=5171347054500, AnimationStart=5171347130100, PerformTraversalsStart=5171347249700, DrawStart=5171748886400, FrameDeadline=5171360338600, FrameInterval=5171346987400, FrameStartTime=16666666, SyncQueued=5171767263200, SyncStart=5172056396900, IssueDrawCommandsStart=5172057284300, SwapBuffers=5172232266600, FrameCompleted=5172496082000, DequeueBufferDuration=95800, QueueBufferDuration=1274800, GpuCompleted=5172496082000, SwapBuffersCompleted=5172345134300, DisplayPresentTime=0, CommandSubmissionCompleted=5172232266600,
2026-02-01 09:07:16.778  9242-9283  OpenGLRenderer          com.cabinet.cabinetmedical           I  Davey! duration=719ms; Flags=0, FrameTimelineVsyncId=2117812, IntendedVsync=5174043671826, Vsync=5174360338480, InputEventId=0, HandleInputStart=5174403561300, AnimationStart=5174403757100, PerformTraversalsStart=5174408220900, DrawStart=5174408463800, FrameDeadline=5174560338472, FrameInterval=5174370105700, FrameStartTime=16666666, SyncQueued=5174413824400, SyncStart=5174520748300, IssueDrawCommandsStart=5174537344300, SwapBuffers=5174600294300, FrameCompleted=5174870353000, DequeueBufferDuration=137000, QueueBufferDuration=3760500, GpuCompleted=5174870353000, SwapBuffersCompleted=5174686770800, DisplayPresentTime=0, CommandSubmissionCompleted=5174600294300,
2026-02-01 09:07:17.610  9242-9242  WindowOnBackDispatcher  com.cabinet.cabinetmedical           W  sendCancelIfRunning: isInProgress=falsecallback=android.view.ViewRootImpl$$ExternalSyntheticLambda17@5142ef6
2026-02-01 09:07:24.475  9242-9260  EGL_emulation           com.cabinet.cabinetmedical           D  app_time_stats: avg=2588.02ms min=152.40ms max=8011.44ms count=4
2026-02-01 09:07:24.980  9242-9275  okhttp.OkHttpClient     com.cabinet.cabinetmedical           I  --> GET <http://172.25.135.62:8080/api/doctors>
2026-02-01 09:07:24.981  9242-9275  okhttp.OkHttpClient     com.cabinet.cabinetmedical           I  Authorization: Bearer eyJhbGciOiJIUzI1NiJ9.eyJyb2xlIjoiUEFUSUVOVCIsInN1YiI6InBhdGllbnRAZW1haWwuY29tIiwiaWF0IjoxNzY5OTMyNTMyLCJleHAiOjE3Njk5MzYxMzJ9.JRYqgdblaPw7fPvGei0uJi7PL8a3QjXpmgTAE-sVeSM
2026-02-01 09:07:24.981  9242-9275  okhttp.OkHttpClient     com.cabinet.cabinetmedical           I  --> END GET
2026-02-01 09:07:25.104  9242-9275  okhttp.OkHttpClient     com.cabinet.cabinetmedical           I  <-- 200 <http://172.25.135.62:8080/api/doctors> (122ms)
2026-02-01 09:07:25.104  9242-9275  okhttp.OkHttpClient     com.cabinet.cabinetmedical           I  X-Content-Type-Options: nosniff
2026-02-01 09:07:25.109  9242-9275  okhttp.OkHttpClient     com.cabinet.cabinetmedical           I  X-XSS-Protection: 0
2026-02-01 09:07:25.116  9242-9275  okhttp.OkHttpClient     com.cabinet.cabinetmedical           I  Cache-Control: no-cache, no-store, max-age=0, must-revalidate
2026-02-01 09:07:25.119  9242-9275  okhttp.OkHttpClient     com.cabinet.cabinetmedical           I  Pragma: no-cache
2026-02-01 09:07:25.119  9242-9275  okhttp.OkHttpClient     com.cabinet.cabinetmedical           I  Expires: 0
2026-02-01 09:07:25.119  9242-9275  okhttp.OkHttpClient     com.cabinet.cabinetmedical           I  X-Frame-Options: DENY
2026-02-01 09:07:25.119  9242-9275  okhttp.OkHttpClient     com.cabinet.cabinetmedical           I  Content-Type: application/json
2026-02-01 09:07:25.123  9242-9275  okhttp.OkHttpClient     com.cabinet.cabinetmedical           I  Transfer-Encoding: chunked
2026-02-01 09:07:25.123  9242-9275  okhttp.OkHttpClient     com.cabinet.cabinetmedical           I  Date: Sun, 01 Feb 2026 08:07:24 GMT
2026-02-01 09:07:25.125  9242-9275  okhttp.OkHttpClient     com.cabinet.cabinetmedical           I  Keep-Alive: timeout=60
2026-02-01 09:07:25.125  9242-9275  okhttp.OkHttpClient     com.cabinet.cabinetmedical           I  Connection: keep-alive
2026-02-01 09:07:25.132  9242-9275  okhttp.OkHttpClient     com.cabinet.cabinetmedical           I  [{"id":8,"userId":12,"email":"doctor@email.com","firstName":"Saad","lastName":"Doctor","phone":"0612345678","specialty":"Pediatre","createdAt":"2026-02-01T08:47:40.681803","fullName":"Dr. Saad Doctor","fullNameWithSpecialty":"Dr. Saad Doctor - Pediatre"}]
2026-02-01 09:07:25.133  9242-9275  okhttp.OkHttpClient     com.cabinet.cabinetmedical           I  <-- END HTTP (255-byte body)
2026-02-01 09:07:25.321  9242-9242  Choreographer           com.cabinet.cabinetmedical           I  Skipped 30 frames!  The application may be doing too much work on its main thread.
2026-02-01 09:07:25.601  9242-9260  EGL_emulation           com.cabinet.cabinetmedical           D  app_time_stats: avg=122.23ms min=7.25ms max=163.96ms count=7
2026-02-01 09:07:26.024  9242-9283  OpenGLRenderer          com.cabinet.cabinetmedical           I  Davey! duration=930ms; Flags=0, FrameTimelineVsyncId=2121629, IntendedVsync=5183027004800, Vsync=5183527004780, InputEventId=0, HandleInputStart=5183547484800, AnimationStart=5183547553900, PerformTraversalsStart=5183548598700, DrawStart=5183549499100, FrameDeadline=5183727004772, FrameInterval=5183543525300, FrameStartTime=16666666, SyncQueued=5183550705200, SyncStart=5183660769600, IssueDrawCommandsStart=5183661902600, SwapBuffers=5183758802300, FrameCompleted=5184067491800, DequeueBufferDuration=3370300, QueueBufferDuration=321800, GpuCompleted=5184067491800, SwapBuffersCompleted=5183827946800, DisplayPresentTime=0, CommandSubmissionCompleted=5183758802300,
2026-02-01 09:07:26.460  9242-9260  OpenGLRenderer          com.cabinet.cabinetmedical           E  Unable to match the desired swap behavior.
2026-02-01 09:07:26.624  9242-9264  SurfaceSyncGroup        com.cabinet.cabinetmedical           E  Failed to receive transaction ready in 1000ms. Marking SurfaceSyncGroup(wmsSync-VRI[DoctorListActivity]#8) as ready
2026-02-01 09:07:26.625  9242-9260  EGL_emulation           com.cabinet.cabinetmedical           D  app_time_stats: avg=420.52ms min=240.89ms max=600.16ms count=2
2026-02-01 09:07:26.631  9242-9264  SurfaceSyncGroup        com.cabinet.cabinetmedical           E  Failed to receive transaction ready in 1000ms. Marking SurfaceSyncGroup(VRI[DoctorListActivity]#9) as ready
2026-02-01 09:07:27.226  9242-9242  Choreographer           com.cabinet.cabinetmedical           I  Skipped 113 frames!  The application may be doing too much work on its main thread.
2026-02-01 09:07:27.293  9242-9283  OpenGLRenderer          com.cabinet.cabinetmedical           I  Davey! duration=1961ms; Flags=1, FrameTimelineVsyncId=2121629, IntendedVsync=5183027004800, Vsync=5183527004780, InputEventId=0, HandleInputStart=5183547484800, AnimationStart=5183547553900, PerformTraversalsStart=5183548598700, DrawStart=5184690684100, FrameDeadline=5183043671466, FrameInterval=5183543525300, FrameStartTime=16666666, SyncQueued=5184702473700, SyncStart=5185072525600, IssueDrawCommandsStart=5185074342700, SwapBuffers=5185082361000, FrameCompleted=5185358242100, DequeueBufferDuration=28204900, QueueBufferDuration=629100, GpuCompleted=5185358242100, SwapBuffersCompleted=5185265198400, DisplayPresentTime=0, CommandSubmissionCompleted=5185082361000,
2026-02-01 09:07:28.636  9242-9260  EGL_emulation           com.cabinet.cabinetmedical           D  app_time_stats: avg=484.91ms min=95.40ms max=1069.78ms count=3
2026-02-01 09:07:28.684  9242-9260  EGL_emulation           com.cabinet.cabinetmedical           D  app_time_stats: avg=1029.12ms min=591.57ms max=1466.68ms count=2
2026-02-01 09:07:28.701  9242-9242  Choreographer           com.cabinet.cabinetmedical           I  Skipped 79 frames!  The application may be doing too much work on its main thread.
2026-02-01 09:07:28.884  9242-9283  OpenGLRenderer          com.cabinet.cabinetmedical           I  Davey! duration=3132ms; Flags=0, FrameTimelineVsyncId=2121852, IntendedVsync=5183560338112, Vsync=5185443671370, InputEventId=0, HandleInputStart=5185458864600, AnimationStart=5185458934100, PerformTraversalsStart=5185459150100, DrawStart=5185602234600, FrameDeadline=5185860338020, FrameInterval=5185448459800, FrameStartTime=16666666, SyncQueued=5185616314600, SyncStart=5185790104500, IssueDrawCommandsStart=5185792022800, SwapBuffers=5186840076900, FrameCompleted=5186866582300, DequeueBufferDuration=109000, QueueBufferDuration=538500, GpuCompleted=5186866582300, SwapBuffersCompleted=5186859449300, DisplayPresentTime=0, CommandSubmissionCompleted=5186840076900,
2026-02-01 09:07:29.532  9242-9283  OpenGLRenderer          com.cabinet.cabinetmedical           I  Davey! duration=1445ms; Flags=0, FrameTimelineVsyncId=2122410, IntendedVsync=5185593671364, Vsync=5186910337978, InputEventId=0, HandleInputStart=5186927426400, AnimationStart=5186927480000, PerformTraversalsStart=5186928253000, DrawStart=5186929053900, FrameDeadline=5186893671312, FrameInterval=5186923280000, FrameStartTime=16666666, SyncQueued=5186929618700, SyncStart=5187402664400, IssueDrawCommandsStart=5187403027200, SwapBuffers=5187406869800, FrameCompleted=5187511925100, DequeueBufferDuration=45000, QueueBufferDuration=2308200, GpuCompleted=5187511925100, SwapBuffersCompleted=5187475134000, DisplayPresentTime=0, CommandSubmissionCompleted=5187406869800,
2026-02-01 09:07:29.539  9242-9242  Choreographer           com.cabinet.cabinetmedical           I  Skipped 49 frames!  The application may be doing too much work on its main thread.
2026-02-01 09:07:29.808  9242-9256  OpenGLRenderer          com.cabinet.cabinetmedical           I  Davey! duration=1989ms; Flags=0, FrameTimelineVsyncId=2122410, IntendedVsync=5185593671364, Vsync=5186910337978, InputEventId=0, HandleInputStart=5186927426400, AnimationStart=5186927480000, PerformTraversalsStart=5186928253000, DrawStart=5187405590300, FrameDeadline=5187127004636, FrameInterval=5186923280000, FrameStartTime=16666666, SyncQueued=5187407799800, SyncStart=5187754200400, IssueDrawCommandsStart=5187754585300, SwapBuffers=5187759510700, FrameCompleted=5187929600300, DequeueBufferDuration=617700, QueueBufferDuration=1137000, GpuCompleted=5187929600300, SwapBuffersCompleted=5187893193600, DisplayPresentTime=0, CommandSubmissionCompleted=5187759510700,
2026-02-01 09:07:29.809  9242-9260  EGL_emulation           com.cabinet.cabinetmedical           D  app_time_stats: avg=297.10ms min=138.28ms max=553.70ms count=3
2026-02-01 09:07:29.996  9242-9260  EGL_emulation           com.cabinet.cabinetmedical           D  app_time_stats: avg=679.47ms min=615.53ms max=743.41ms count=2
2026-02-01 09:07:30.110  9242-9257  OpenGLRenderer          com.cabinet.cabinetmedical           I  Davey! duration=1072ms; Flags=0, FrameTimelineVsyncId=2122800, IntendedVsync=5186943671310, Vsync=5187760337944, InputEventId=0, HandleInputStart=5187766198900, AnimationStart=5187766335600, PerformTraversalsStart=5187771069700, DrawStart=5187894238200, FrameDeadline=5187543671286, FrameInterval=5187761568100, FrameStartTime=16666666, SyncQueued=5187895535500, SyncStart=5188125755700, IssueDrawCommandsStart=5188125952800, SwapBuffers=5188128910800, FrameCompleted=5188246733300, DequeueBufferDuration=163900, QueueBufferDuration=656000, GpuCompleted=5188246733300, SwapBuffersCompleted=5188219072100, DisplayPresentTime=0, CommandSubmissionCompleted=5188128910800,
2026-02-01 09:07:30.110  9242-9257  OpenGLRenderer          com.cabinet.cabinetmedical           I  Davey! duration=1155ms; Flags=0, FrameTimelineVsyncId=2122800, IntendedVsync=5186943671310, Vsync=5187760337944, InputEventId=0, HandleInputStart=5187766198900, AnimationStart=5187766335600, PerformTraversalsStart=5187771069700, DrawStart=5187771449000, FrameDeadline=5187960337936, FrameInterval=5187761568100, FrameStartTime=16666666, SyncQueued=5187773654800, SyncStart=5187893511600, IssueDrawCommandsStart=5187893693900, SwapBuffers=5187952319100, FrameCompleted=5188218548200, DequeueBufferDuration=121000, QueueBufferDuration=11447500, GpuCompleted=5188218548200, SwapBuffersCompleted=5188035184500, DisplayPresentTime=0, CommandSubmissionCompleted=5187952319100,
2026-02-01 09:07:34.327  9242-9260  EGL_emulation           com.cabinet.cabinetmedical           D  app_time_stats: avg=1081.53ms min=112.08ms max=3858.63ms count=4
2026-02-01 09:07:35.066  9242-9242  Compatibil...geReporter com.cabinet.cabinetmedical           D  Compat change id reported: 171228096; UID 10191; state: ENABLED
2026-02-01 09:07:35.155  9242-9275  okhttp.OkHttpClient     com.cabinet.cabinetmedical           I  --> GET <http://172.25.135.62:8080/api/timeslots/available?doctorId=8&date=2026-02-01>
2026-02-01 09:07:35.173  9242-9275  okhttp.OkHttpClient     com.cabinet.cabinetmedical           I  Authorization: Bearer eyJhbGciOiJIUzI1NiJ9.eyJyb2xlIjoiUEFUSUVOVCIsInN1YiI6InBhdGllbnRAZW1haWwuY29tIiwiaWF0IjoxNzY5OTMyNTMyLCJleHAiOjE3Njk5MzYxMzJ9.JRYqgdblaPw7fPvGei0uJi7PL8a3QjXpmgTAE-sVeSM
2026-02-01 09:07:35.173  9242-9275  okhttp.OkHttpClient     com.cabinet.cabinetmedical           I  --> END GET
2026-02-01 09:07:35.240  9242-9275  okhttp.OkHttpClient     com.cabinet.cabinetmedical           I  <-- 200 <http://172.25.135.62:8080/api/timeslots/available?doctorId=8&date=2026-02-01> (66ms)
2026-02-01 09:07:35.244  9242-9275  okhttp.OkHttpClient     com.cabinet.cabinetmedical           I  X-Content-Type-Options: nosniff
2026-02-01 09:07:35.244  9242-9275  okhttp.OkHttpClient     com.cabinet.cabinetmedical           I  X-XSS-Protection: 0
2026-02-01 09:07:35.245  9242-9275  okhttp.OkHttpClient     com.cabinet.cabinetmedical           I  Cache-Control: no-cache, no-store, max-age=0, must-revalidate
2026-02-01 09:07:35.245  9242-9275  okhttp.OkHttpClient     com.cabinet.cabinetmedical           I  Pragma: no-cache
2026-02-01 09:07:35.248  9242-9275  okhttp.OkHttpClient     com.cabinet.cabinetmedical           I  Expires: 0
2026-02-01 09:07:35.252  9242-9275  okhttp.OkHttpClient     com.cabinet.cabinetmedical           I  X-Frame-Options: DENY
2026-02-01 09:07:35.252  9242-9275  okhttp.OkHttpClient     com.cabinet.cabinetmedical           I  Content-Type: application/json
2026-02-01 09:07:35.252  9242-9275  okhttp.OkHttpClient     com.cabinet.cabinetmedical           I  Transfer-Encoding: chunked
2026-02-01 09:07:35.253  9242-9275  okhttp.OkHttpClient     com.cabinet.cabinetmedical           I  Date: Sun, 01 Feb 2026 08:07:35 GMT
2026-02-01 09:07:35.257  9242-9275  okhttp.OkHttpClient     com.cabinet.cabinetmedical           I  Keep-Alive: timeout=60
2026-02-01 09:07:35.263  9242-9275  okhttp.OkHttpClient     com.cabinet.cabinetmedical           I  Connection: keep-alive
2026-02-01 09:07:35.265  9242-9275  okhttp.OkHttpClient     com.cabinet.cabinetmedical           I  ["09:00:00","09:30:00","10:00:00","10:30:00","11:00:00","11:30:00","12:00:00","12:30:00","13:00:00","13:30:00","14:00:00","14:30:00","15:00:00","15:30:00","16:00:00","16:30:00"]
2026-02-01 09:07:35.274  9242-9275  okhttp.OkHttpClient     com.cabinet.cabinetmedical           I  <-- END HTTP (177-byte body)
2026-02-01 09:07:35.365  9242-9260  EGL_emulation           com.cabinet.cabinetmedical           D  app_time_stats: avg=110.51ms min=8.09ms max=180.19ms count=7
2026-02-01 09:07:35.384  9242-9242  Choreographer           com.cabinet.cabinetmedical           I  Skipped 33 frames!  The application may be doing too much work on its main thread.
2026-02-01 09:07:35.552  9242-9242  Compatibil...geReporter com.cabinet.cabinetmedical           D  Compat change id reported: 170233598; UID 10191; state: ENABLED
2026-02-01 09:07:36.115  9242-9260  OpenGLRenderer          com.cabinet.cabinetmedical           E  Unable to match the desired swap behavior.
2026-02-01 09:07:36.724  9242-9264  SurfaceSyncGroup        com.cabinet.cabinetmedical           E  Failed to receive transaction ready in 1000ms. Marking SurfaceSyncGroup(wmsSync-VRI[AvailableTimeSlotsActivity]#10) as ready
2026-02-01 09:07:36.734  9242-9260  EGL_emulation           com.cabinet.cabinetmedical           D  app_time_stats: avg=395.17ms min=128.11ms max=687.61ms count=3
2026-02-01 09:07:36.749  9242-9283  OpenGLRenderer          com.cabinet.cabinetmedical           I  Davey! duration=1650ms; Flags=1, FrameTimelineVsyncId=2125471, IntendedVsync=5193043671066, Vsync=5193593671044, InputEventId=0, HandleInputStart=5193610433300, AnimationStart=5193610511900, PerformTraversalsStart=5193615022600, DrawStart=5194345814600, FrameDeadline=5193060337732, FrameInterval=5193606272600, FrameStartTime=16666666, SyncQueued=5194562189200, SyncStart=5194702652800, IssueDrawCommandsStart=5194702911900, SwapBuffers=5194765647600, FrameCompleted=5194834459200, DequeueBufferDuration=51900, QueueBufferDuration=7238400, GpuCompleted=5194829063800, SwapBuffersCompleted=5194834459200, DisplayPresentTime=4294967295, CommandSubmissionCompleted=5194765647600,
2026-02-01 09:07:37.112  9242-9283  OpenGLRenderer          com.cabinet.cabinetmedical           I  Davey! duration=2067ms; Flags=1, FrameTimelineVsyncId=2125471, IntendedVsync=5193043671066, Vsync=5193593671044, InputEventId=0, HandleInputStart=5193610433300, AnimationStart=5193610511900, PerformTraversalsStart=5193615022600, DrawStart=5194979419100, FrameDeadline=5195043670986, FrameInterval=5193606272600, FrameStartTime=16666666, SyncQueued=5194986355500, SyncStart=5194987936100, IssueDrawCommandsStart=5195020457900, SwapBuffers=5195023169700, FrameCompleted=5195112568500, DequeueBufferDuration=60021000, QueueBufferDuration=990900, GpuCompleted=5195112568500, SwapBuffersCompleted=5195088005300, DisplayPresentTime=0, CommandSubmissionCompleted=5195023169700,
2026-02-01 09:07:37.118  9242-9242  Choreographer           com.cabinet.cabinetmedical           I  Skipped 102 frames!  The application may be doing too much work on its main thread.
2026-02-01 09:07:37.940  9242-9260  EGL_emulation           com.cabinet.cabinetmedical           D  app_time_stats: avg=378.11ms min=59.78ms max=714.89ms count=3
2026-02-01 09:07:38.865  9242-9260  EGL_emulation           com.cabinet.cabinetmedical           D  app_time_stats: avg=562.98ms min=196.81ms max=1096.34ms count=4
2026-02-01 09:07:38.957  9242-9242  Choreographer           com.cabinet.cabinetmedical           I  Skipped 110 frames!  The application may be doing too much work on its main thread.
2026-02-01 09:07:39.017  9242-9260  EGL_emulation           com.cabinet.cabinetmedical           D  app_time_stats: avg=1076.15ms min=1076.15ms max=1076.15ms count=1
2026-02-01 09:07:39.124  9242-9283  OpenGLRenderer          com.cabinet.cabinetmedical           I  Davey! duration=1052ms; Flags=2, FrameTimelineVsyncId=2126194, IntendedVsync=5196160337608, Vsync=5196160337608, InputEventId=0, HandleInputStart=5196160337608, AnimationStart=5196160337608, PerformTraversalsStart=5196160337608, DrawStart=5196160337608, FrameDeadline=5196010337614, FrameInterval=5196160337608, FrameStartTime=16666666, SyncQueued=5196163639000, SyncStart=5196163659300, IssueDrawCommandsStart=5196163722200, SwapBuffers=5197011722400, FrameCompleted=5197213217700, DequeueBufferDuration=61600, QueueBufferDuration=726100, GpuCompleted=5197213217700, SwapBuffersCompleted=5197090524400, DisplayPresentTime=0, CommandSubmissionCompleted=5197011722400,
2026-02-01 09:07:39.522  9242-9283  OpenGLRenderer          com.cabinet.cabinetmedical           I  Davey! duration=2515ms; Flags=0, FrameTimelineVsyncId=2125685, IntendedVsync=5193627004376, Vsync=5195327004308, InputEventId=0, HandleInputStart=5195342844100, AnimationStart=5195342918800, PerformTraversalsStart=5195343697900, DrawStart=5195998286400, FrameDeadline=5196243670938, FrameInterval=5195340922500, FrameStartTime=16666666, SyncQueued=5195999523400, SyncStart=5197172431800, IssueDrawCommandsStart=5197175607700, SwapBuffers=5197181111100, FrameCompleted=5197315834400, DequeueBufferDuration=110800, QueueBufferDuration=1014000, GpuCompleted=5197315834400, SwapBuffersCompleted=5197239745500, DisplayPresentTime=0, CommandSubmissionCompleted=5197181111100,
2026-02-01 09:07:39.606  9242-9242  Choreographer           com.cabinet.cabinetmedical           I  Skipped 38 frames!  The application may be doing too much work on its main thread.
2026-02-01 09:07:39.680  9242-9257  OpenGLRenderer          com.cabinet.cabinetmedical           I  Davey! duration=2335ms; Flags=0, FrameTimelineVsyncId=2126073, IntendedVsync=5195343670974, Vsync=5197177004234, InputEventId=0, HandleInputStart=5197183407500, AnimationStart=5197183535900, PerformTraversalsStart=5197187676200, DrawStart=5197188043500, FrameDeadline=5197243670898, FrameInterval=5197179280300, FrameStartTime=16666665, SyncQueued=5197196126300, SyncStart=5197313089400, IssueDrawCommandsStart=5197313816000, SwapBuffers=5197334435700, FrameCompleted=5197796558500, DequeueBufferDuration=69200, QueueBufferDuration=672100, GpuCompleted=5197796558500, SwapBuffersCompleted=5197743722200, DisplayPresentTime=0, CommandSubmissionCompleted=5197334435700,
2026-02-01 09:07:39.977  9242-9283  OpenGLRenderer          com.cabinet.cabinetmedical           I  Davey! duration=2098ms; Flags=0, FrameTimelineVsyncId=2126073, IntendedVsync=5195343670974, Vsync=5197177004234, InputEventId=0, HandleInputStart=5197183407500, AnimationStart=5197183535900, PerformTraversalsStart=5197187676200, DrawStart=5197316463100, FrameDeadline=5197343670894, FrameInterval=5197179280300, FrameStartTime=16666665, SyncQueued=5197316972600, SyncStart=5197824081600, IssueDrawCommandsStart=5197824305300, SwapBuffers=5197826675900, FrameCompleted=5197949443800, DequeueBufferDuration=71400, QueueBufferDuration=1339800, GpuCompleted=5197949443800, SwapBuffersCompleted=5197899771200, DisplayPresentTime=0, CommandSubmissionCompleted=5197826675900,
2026-02-01 09:07:40.143  9242-9283  OpenGLRenderer          com.cabinet.cabinetmedical           I  Davey! duration=1002ms; Flags=0, FrameTimelineVsyncId=2126581, IntendedVsync=5197193670900, Vsync=5197827004208, InputEventId=0, HandleInputStart=5197853282900, AnimationStart=5197853369300, PerformTraversalsStart=5197866840700, DrawStart=5197867200200, FrameDeadline=5197977004155, FrameInterval=5197828766800, FrameStartTime=16666666, SyncQueued=5197867894200, SyncStart=5197900100400, IssueDrawCommandsStart=5197900253300, SwapBuffers=5198020602600, FrameCompleted=5198228796100, DequeueBufferDuration=69512600, QueueBufferDuration=627100, GpuCompleted=5198228796100, SwapBuffersCompleted=5198205590200, DisplayPresentTime=0, CommandSubmissionCompleted=5198020602600,
2026-02-01 09:07:40.145  9242-9260  EGL_emulation           com.cabinet.cabinetmedical           D  app_time_stats: avg=638.47ms min=624.29ms max=652.65ms count=2
2026-02-01 09:07:40.442  9242-9283  OpenGLRenderer          com.cabinet.cabinetmedical           I  Davey! duration=996ms; Flags=0, FrameTimelineVsyncId=2126581, IntendedVsync=5197193670900, Vsync=5197827004208, InputEventId=0, HandleInputStart=5197853282900, AnimationStart=5197853369300, PerformTraversalsStart=5197866840700, DrawStart=5197901021000, FrameDeadline=5197827004170, FrameInterval=5197828766800, FrameStartTime=16666666, SyncQueued=5197908023000, SyncStart=5198297055700, IssueDrawCommandsStart=5198297368500, SwapBuffers=5198357311200, FrameCompleted=5198579428600, DequeueBufferDuration=158500, QueueBufferDuration=1107700, GpuCompleted=5198579428600, SwapBuffersCompleted=5198367945400, DisplayPresentTime=0, CommandSubmissionCompleted=5198357311200,
2026-02-01 09:07:43.394  9242-9260  EGL_emulation           com.cabinet.cabinetmedical           D  app_time_stats: avg=783.70ms min=125.10ms max=2481.08ms count=4
2026-02-01 09:07:44.395  9242-9260  EGL_emulation           com.cabinet.cabinetmedical           D  app_time_stats: avg=139.96ms min=13.31ms max=209.79ms count=5
2026-02-01 09:07:44.985  9242-9242  Choreographer           com.cabinet.cabinetmedical           I  Skipped 53 frames!  The application may be doing too much work on its main thread.
2026-02-01 09:07:45.016  9242-9242  AutofillManager         com.cabinet.cabinetmedical           D  view not autofillable - has multiline input type
2026-02-01 09:07:45.017  9242-9242  AutofillManager         com.cabinet.cabinetmedical           D  view not autofillable - has multiline input type
