2026-02-01 09:07:45.663  9242-9260  OpenGLRenderer          com.cabinet.cabinetmedical           E  Unable to match the desired swap behavior.
2026-02-01 09:07:45.899  9242-9260  EGL_emulation           com.cabinet.cabinetmedical           D  app_time_stats: avg=225.90ms min=96.43ms max=644.64ms count=6
2026-02-01 09:07:46.288  9242-9264  SurfaceSyncGroup        com.cabinet.cabinetmedical           E  Failed to receive transaction ready in 1000ms. Marking SurfaceSyncGroup(wmsSync-VRI[BookAppointmentActivity]#12) as ready
2026-02-01 09:07:46.358  9242-9283  OpenGLRenderer          com.cabinet.cabinetmedical           I  Davey! duration=1893ms; Flags=1, FrameTimelineVsyncId=2128886, IntendedVsync=5202310337362, Vsync=5203193670660, InputEventId=0, HandleInputStart=5203212543100, AnimationStart=5203213712600, PerformTraversalsStart=5203214688900, DrawStart=5203887293000, FrameDeadline=5202327004028, FrameInterval=5203207114900, FrameStartTime=16666666, SyncQueued=5203968995200, SyncStart=5204244675500, IssueDrawCommandsStart=5204246448800, SwapBuffers=5204458011500, FrameCompleted=5204479955000, DequeueBufferDuration=56300, QueueBufferDuration=438600, GpuCompleted=5204479955000, SwapBuffersCompleted=5204460210900, DisplayPresentTime=1, CommandSubmissionCompleted=5204458011500,
2026-02-01 09:07:46.432  9242-9242  Choreographer           com.cabinet.cabinetmedical           I  Skipped 83 frames!  The application may be doing too much work on its main thread.
2026-02-01 09:07:46.850  9242-9283  OpenGLRenderer          com.cabinet.cabinetmedical           I  Davey! duration=1495ms; Flags=0, FrameTimelineVsyncId=2129230, IntendedVsync=5203260337324, Vsync=5204643670602, InputEventId=0, HandleInputStart=5204659395200, AnimationStart=5204659480700, PerformTraversalsStart=5204664124100, DrawStart=5204665279700, FrameDeadline=5204510337274, FrameInterval=5204654765800, FrameStartTime=16666666, SyncQueued=5204674695400, SyncStart=5204754894200, IssueDrawCommandsStart=5204793846600, SwapBuffers=5204795510200, FrameCompleted=5204836248400, DequeueBufferDuration=49800, QueueBufferDuration=1513300, GpuCompleted=5204836248400, SwapBuffersCompleted=5204813348200, DisplayPresentTime=12816, CommandSubmissionCompleted=5204795510200,
2026-02-01 09:07:47.648  9242-9260  EGL_emulation           com.cabinet.cabinetmedical           D  app_time_stats: avg=469.88ms min=272.81ms max=783.83ms count=3
2026-02-01 09:07:47.777  9242-9242  Choreographer           com.cabinet.cabinetmedical           I  Skipped 30 frames!  The application may be doing too much work on its main thread.
2026-02-01 09:07:47.855  9242-9260  EGL_emulation           com.cabinet.cabinetmedical           D  app_time_stats: avg=428.68ms min=156.52ms max=737.98ms count=4
2026-02-01 09:07:47.996  9242-9283  OpenGLRenderer          com.cabinet.cabinetmedical           I  Davey! duration=891ms; Flags=0, FrameTimelineVsyncId=2129724, IntendedVsync=5204993670588, Vsync=5205460337236, InputEventId=0, HandleInputStart=5205474139100, AnimationStart=5205474215900, PerformTraversalsStart=5205481455000, DrawStart=5205483158100, FrameDeadline=5205677003894, FrameInterval=5205473681200, FrameStartTime=16666666, SyncQueued=5205484129600, SyncStart=5205597848700, IssueDrawCommandsStart=5205598023000, SwapBuffers=5205709851700, FrameCompleted=5205998881400, DequeueBufferDuration=70100, QueueBufferDuration=5926200, GpuCompleted=5205998881400, SwapBuffersCompleted=5205870503900, DisplayPresentTime=0, CommandSubmissionCompleted=5205709851700,
2026-02-01 09:07:48.209  9242-9256  OpenGLRenderer          com.cabinet.cabinetmedical           I  Davey! duration=842ms; Flags=0, FrameTimelineVsyncId=2129724, IntendedVsync=5204993670588, Vsync=5205460337236, InputEventId=0, HandleInputStart=5205474139100, AnimationStart=5205474215900, PerformTraversalsStart=5205481455000, DrawStart=5205598584900, FrameDeadline=5205410337238, FrameInterval=5205473681200, FrameStartTime=16666666, SyncQueued=5205614636500, SyncStart=5205998434400, IssueDrawCommandsStart=5205999553700, SwapBuffers=5206021900200, FrameCompleted=5206219982100, DequeueBufferDuration=89200, QueueBufferDuration=2468700, GpuCompleted=5206219982100, SwapBuffersCompleted=5206077600900, DisplayPresentTime=0, CommandSubmissionCompleted=5206021900200,
2026-02-01 09:07:48.328  9242-9256  OpenGLRenderer          com.cabinet.cabinetmedical           I  Davey! duration=725ms; Flags=0, FrameTimelineVsyncId=2129861, IntendedVsync=5205493670568, Vsync=5205993670548, InputEventId=0, HandleInputStart=5206005790100, AnimationStart=5206005860200, PerformTraversalsStart=5206005949800, DrawStart=5206006337600, FrameDeadline=5206027003880, FrameInterval=5205999103500, FrameStartTime=16666666, SyncQueued=5206007035800, SyncStart=5206218391900, IssueDrawCommandsStart=5206219204100, SwapBuffers=5206224221100, FrameCompleted=5206430792100, DequeueBufferDuration=48500, QueueBufferDuration=746900, GpuCompleted=5206430792100, SwapBuffersCompleted=5206280236000, DisplayPresentTime=0, CommandSubmissionCompleted=5206224221100,
2026-02-01 09:07:49.622  9242-9260  EGL_emulation           com.cabinet.cabinetmedical           D  app_time_stats: avg=617.92ms min=150.88ms max=1293.26ms count=3
2026-02-01 09:07:56.275  9242-9260  EGL_emulation           com.cabinet.cabinetmedical           D  app_time_stats: avg=1622.50ms min=121.56ms max=6049.37ms count=4
2026-02-01 09:07:56.297  9242-9242  AutofillManager         com.cabinet.cabinetmedical           D  view not autofillable - has multiline input type
2026-02-01 09:07:56.324  9242-9242  Compatibil...geReporter com.cabinet.cabinetmedical           D  Compat change id reported: 163400105; UID 10191; state: ENABLED
2026-02-01 09:07:56.328  9242-9242  ImeTracker              com.cabinet.cabinetmedical           I  com.cabinet.cabinetmedical:98bade45: onRequestShow at ORIGIN_CLIENT_SHOW_SOFT_INPUT reason SHOW_SOFT_INPUT
2026-02-01 09:07:56.333  9242-9242  InputMethodManager      com.cabinet.cabinetmedical           D  showSoftInput() view=com.google.android.material.textfield.TextInputEditText{728a96a VFED..CL. .F.P..ID 0,0-1272,292 #7f080195 app:id/reason_input aid=1073741824} flags=0 reason=SHOW_SOFT_INPUT
2026-02-01 09:07:57.351  9242-9260  EGL_emulation           com.cabinet.cabinetmedical           D  app_time_stats: avg=268.48ms min=112.25ms max=501.27ms count=4
2026-02-01 09:07:57.441  9242-9283  OpenGLRenderer          com.cabinet.cabinetmedical           I  Davey! duration=701ms; Flags=0, FrameTimelineVsyncId=2133649, IntendedVsync=5214743670198, Vsync=5214777003530, InputEventId=0, HandleInputStart=5214777902100, AnimationStart=5214777994500, PerformTraversalsStart=5214779479000, DrawStart=5214780362000, FrameDeadline=5214910336858, FrameInterval=5214777780800, FrameStartTime=16666666, SyncQueued=5214781835900, SyncStart=5214848612800, IssueDrawCommandsStart=5214848768900, SwapBuffers=5214925363400, FrameCompleted=5215511678100, DequeueBufferDuration=47400, QueueBufferDuration=563200, GpuCompleted=5215511678100, SwapBuffersCompleted=5215072493600, DisplayPresentTime=55044300865537, CommandSubmissionCompleted=5214925363400,
2026-02-01 09:07:57.656  9242-9283  OpenGLRenderer          com.cabinet.cabinetmedical           I  Davey! duration=701ms; Flags=0, FrameTimelineVsyncId=2133663, IntendedVsync=5214793670196, Vsync=5214843670194, InputEventId=422213343, HandleInputStart=5214850837400, AnimationStart=5214850883400, PerformTraversalsStart=5214853501200, DrawStart=5214853913700, FrameDeadline=5215543670166, FrameInterval=5214850793400, FrameStartTime=16666666, SyncQueued=5214855307000, SyncStart=5215072816700, IssueDrawCommandsStart=5215073316800, SwapBuffers=5215347096300, FrameCompleted=5215712795300, DequeueBufferDuration=89905400, QueueBufferDuration=644800, GpuCompleted=5215712795300, SwapBuffersCompleted=5215664311500, DisplayPresentTime=61, CommandSubmissionCompleted=5215347096300,
2026-02-01 09:07:57.766  9242-9242  InsetsController        com.cabinet.cabinetmedical           D  show(ime(), fromIme=true)
2026-02-01 09:07:58.052  9242-9283  OpenGLRenderer          com.cabinet.cabinetmedical           I  Davey! duration=955ms; Flags=0, FrameTimelineVsyncId=2133700, IntendedVsync=5214860336860, Vsync=5215227003512, InputEventId=0, HandleInputStart=5215337529000, AnimationStart=5215337593000, PerformTraversalsStart=5215339171600, DrawStart=5215345866900, FrameDeadline=5215743670158, FrameInterval=5215231355900, FrameStartTime=16666666, SyncQueued=5215346503300, SyncStart=5215665457900, IssueDrawCommandsStart=5215665522100, SwapBuffers=5215754056600, FrameCompleted=5216135087000, DequeueBufferDuration=43400, QueueBufferDuration=475300, GpuCompleted=5216135087000, SwapBuffersCompleted=5215977960200, DisplayPresentTime=0, CommandSubmissionCompleted=5215754056600,
2026-02-01 09:07:58.547  9242-9260  EGL_emulation           com.cabinet.cabinetmedical           D  app_time_stats: avg=219.48ms min=106.33ms max=313.60ms count=4
2026-02-01 09:07:58.621  9242-9242  ImeTracker              com.cabinet.cabinetmedical           I  com.cabinet.cabinetmedical:98bade45: onShown
2026-02-01 09:07:59.687  9242-9283  OpenGLRenderer          com.cabinet.cabinetmedical           I  Davey! duration=820ms; Flags=0, FrameTimelineVsyncId=2134323, IntendedVsync=5216477003462, Vsync=5216477003462, InputEventId=250569948, HandleInputStart=5216483029000, AnimationStart=5216483118700, PerformTraversalsStart=5216483201300, DrawStart=5216487348800, FrameDeadline=5216910336778, FrameInterval=5216482983300, FrameStartTime=16666666, SyncQueued=5216491880800, SyncStart=5216774512700, IssueDrawCommandsStart=5216774665100, SwapBuffers=5217407269500, FrameCompleted=5217579723500, DequeueBufferDuration=44300, QueueBufferDuration=478400, GpuCompleted=5217579723500, SwapBuffersCompleted=5217457768800, DisplayPresentTime=0, CommandSubmissionCompleted=5217407269500,
2026-02-01 09:07:59.700  9242-9260  EGL_emulation           com.cabinet.cabinetmedical           D  app_time_stats: avg=574.46ms min=465.33ms max=683.59ms count=2
2026-02-01 09:08:00.916  9242-9260  EGL_emulation           com.cabinet.cabinetmedical           D  app_time_stats: avg=166.57ms min=107.05ms max=222.44ms count=5
2026-02-01 09:08:01.999  9242-9260  EGL_emulation           com.cabinet.cabinetmedical           D  app_time_stats: avg=239.25ms min=99.31ms max=452.04ms count=4
2026-02-01 09:08:03.024  9242-9260  EGL_emulation           com.cabinet.cabinetmedical           D  app_time_stats: avg=341.16ms min=315.12ms max=392.33ms count=3
2026-02-01 09:08:04.192  9242-9260  EGL_emulation           com.cabinet.cabinetmedical           D  app_time_stats: avg=150.84ms min=112.92ms max=213.99ms count=6
2026-02-01 09:08:05.292  9242-9260  EGL_emulation           com.cabinet.cabinetmedical           D  app_time_stats: avg=160.21ms min=95.50ms max=247.37ms count=6
2026-02-01 09:08:06.373  9242-9260  EGL_emulation           com.cabinet.cabinetmedical           D  app_time_stats: avg=233.84ms min=201.54ms max=271.70ms count=4
2026-02-01 09:08:07.504  9242-9260  EGL_emulation           com.cabinet.cabinetmedical           D  app_time_stats: avg=223.51ms min=163.67ms max=427.43ms count=5
2026-02-01 09:08:08.553  9242-9260  EGL_emulation           com.cabinet.cabinetmedical           D  app_time_stats: avg=349.54ms min=220.13ms max=503.16ms count=3
2026-02-01 09:08:08.820  9242-9242  ImeTracker              com.cabinet.cabinetmedical           I  com.cabinet.cabinetmedical:cc79854a: onRequestHide at ORIGIN_CLIENT_HIDE_SOFT_INPUT reason HIDE_SOFT_INPUT
2026-02-01 09:08:08.981  9242-9275  okhttp.OkHttpClient     com.cabinet.cabinetmedical           I  --> POST <http://172.25.135.62:8080/api/appointments?patientId=7>
2026-02-01 09:08:08.985  9242-9275  okhttp.OkHttpClient     com.cabinet.cabinetmedical           I  Content-Type: application/json; charset=UTF-8
2026-02-01 09:08:08.999  9242-9275  okhttp.OkHttpClient     com.cabinet.cabinetmedical           I  Content-Length: 87
2026-02-01 09:08:09.035  9242-9275  okhttp.OkHttpClient     com.cabinet.cabinetmedical           I  Authorization: Bearer eyJhbGciOiJIUzI1NiJ9.eyJyb2xlIjoiUEFUSUVOVCIsInN1YiI6InBhdGllbnRAZW1haWwuY29tIiwiaWF0IjoxNzY5OTMyNTMyLCJleHAiOjE3Njk5MzYxMzJ9.JRYqgdblaPw7fPvGei0uJi7PL8a3QjXpmgTAE-sVeSM
2026-02-01 09:08:09.037  9242-9275  okhttp.OkHttpClient     com.cabinet.cabinetmedical           I  {"dateTime":"2026-02-01T09:00:00","doctorId":8,"reason":"test motif de moi le patient"}
2026-02-01 09:08:09.037  9242-9275  okhttp.OkHttpClient     com.cabinet.cabinetmedical           I  --> END POST (87-byte body)
2026-02-01 09:08:09.197  9242-9242  WindowOnBackDispatcher  com.cabinet.cabinetmedical           W  sendCancelIfRunning: isInProgress=falsecallback=ImeCallback=ImeOnBackInvokedCallback@28856332 Callback=android.window.IOnBackInvokedCallback$Stub$Proxy@9832b17
2026-02-01 09:08:09.217  9242-9275  okhttp.OkHttpClient     com.cabinet.cabinetmedical           I  <-- 400 <http://172.25.135.62:8080/api/appointments?patientId=7> (177ms)
2026-02-01 09:08:09.249  9242-9275  okhttp.OkHttpClient     com.cabinet.cabinetmedical           I  X-Content-Type-Options: nosniff
2026-02-01 09:08:09.266  9242-9275  okhttp.OkHttpClient     com.cabinet.cabinetmedical           I  X-XSS-Protection: 0
2026-02-01 09:08:09.267  9242-9275  okhttp.OkHttpClient     com.cabinet.cabinetmedical           I  Cache-Control: no-cache, no-store, max-age=0, must-revalidate
2026-02-01 09:08:09.268  9242-9275  okhttp.OkHttpClient     com.cabinet.cabinetmedical           I  Pragma: no-cache
2026-02-01 09:08:09.268  9242-9275  okhttp.OkHttpClient     com.cabinet.cabinetmedical           I  Expires: 0
2026-02-01 09:08:09.268  9242-9275  okhttp.OkHttpClient     com.cabinet.cabinetmedical           I  X-Frame-Options: DENY
2026-02-01 09:08:09.269  9242-9275  okhttp.OkHttpClient     com.cabinet.cabinetmedical           I  Content-Type: application/json
2026-02-01 09:08:09.269  9242-9275  okhttp.OkHttpClient     com.cabinet.cabinetmedical           I  Transfer-Encoding: chunked
2026-02-01 09:08:09.296  9242-9275  okhttp.OkHttpClient     com.cabinet.cabinetmedical           I  Date: Sun, 01 Feb 2026 08:08:10 GMT
2026-02-01 09:08:09.300  9242-9275  okhttp.OkHttpClient     com.cabinet.cabinetmedical           I  Connection: close
2026-02-01 09:08:09.320  9242-9275  okhttp.OkHttpClient     com.cabinet.cabinetmedical           I  {"timestamp":"2026-02-01T09:08:10.548641398","status":400,"error":"Bad Request","message":"Erreur de validation","path":"/api/appointments","errors":["dateTime: La date doit être dans le futur"]}
2026-02-01 09:08:09.332  9242-9275  okhttp.OkHttpClient     com.cabinet.cabinetmedical           I  <-- END HTTP (196-byte body)
2026-02-01 09:08:09.582  9242-9281  OpenGLRenderer          com.cabinet.cabinetmedical           I  Davey! duration=768ms; Flags=0, FrameTimelineVsyncId=2137331, IntendedVsync=5226893669712, Vsync=5227193669700, InputEventId=0, HandleInputStart=5227210371700, AnimationStart=5227210579000, PerformTraversalsStart=5227211933400, DrawStart=5227239049500, FrameDeadline=5227327003028, FrameInterval=5227200237600, FrameStartTime=16666666, SyncQueued=5227391515100, SyncStart=5227395990500, IssueDrawCommandsStart=5227397777800, SwapBuffers=5227417863700, FrameCompleted=5227666437000, DequeueBufferDuration=65900, QueueBufferDuration=1412800, GpuCompleted=5227666437000, SwapBuffersCompleted=5227495886000, DisplayPresentTime=0, CommandSubmissionCompleted=5227417863700,
2026-02-01 09:08:09.832  9242-9260  EGL_emulation           com.cabinet.cabinetmedical           D  app_time_stats: avg=178.61ms min=111.11ms max=261.56ms count=6
2026-02-01 09:08:10.054  9242-9242  ImeTracker              com.cabinet.cabinetmedical           I  com.cabinet.cabinetmedical:ff1a2fd4: onRequestHide at ORIGIN_CLIENT_HIDE_SOFT_INPUT reason HIDE_SOFT_INPUT_BY_INSETS_API
2026-02-01 09:08:10.064  9242-9242  ImeTracker              com.cabinet.cabinetmedical           I  com.cabinet.cabinetmedical:cc79854a: onHidden
2026-02-01 09:08:10.840  9242-9260  EGL_emulation           com.cabinet.cabinetmedical           D  app_time_stats: avg=191.29ms min=68.70ms max=295.91ms count=4
